// Jest Snapshot v1, https://goo.gl/fbAQLP

exports[`Test en CounterApp Esta prueba debe coincidir con el snapshot 1`] = `
<div>
  <div>
    <h1>
      CounterApp
    </h1>
    <div>
      420
    </div>
    <button
      aria-label="rest-btn"
    >
      -1
    </button>
    <button
      aria-label="plus-btn"
    >
      +1
    </button>
    <button
      aria-label="reset-btn"
    >
      Reset
    </button>
  </div>
</div>
`;
